=== bake #0015 torch oven=spyre python=3.9 ===
[00000s] step 1/10: Resolving build dependencies
[00007s]   warn: cache hit artifact-6102
[00040s]   ok: compiled kernel-9649
[00066s]   ok: cache miss object-4187
[00093s]   warn: cache miss object-5125
[00131s]   info: retrying object-5493
[00131s] step 2/10: Fetching source tarball
[00168s]   info: cache hit header-5358
[00192s]   ok: compiled layer-6844
[00202s]   ok: downloaded object-3077
[00224s]   warn: retrying layer-1358
[00244s]   ok: cache miss header-2746
[00264s]   warn: skipped object-1959
[00298s]   ok: compiled kernel-8837
[00322s]   warn: compiled header-777
[00342s]   ok: compiled header-6527
[00354s]   warn: retrying kernel-5497
[00364s]   warn: cache hit artifact-2066
[00365s]   ok: cache hit layer-8620
[00396s]   ok: cache miss artifact-6172
[00429s]   ok: skipped kernel-3900
[00429s] step 3/10: Verifying checksum
[00464s]   warn: downloaded kernel-33
[00465s]   ok: cache hit header-9822
[00473s]   ok: skipped artifact-4665
[00486s]   ok: retrying artifact-2699
[00520s]   info: downloaded kernel-8583
[00560s]   ok: retrying header-3118
[00584s]   ok: cache miss artifact-3255
[00616s]   ok: retrying artifact-5768
[00616s] step 4/10: Applying accelerator patches
[00628s]   warn: retrying layer-3645
[00657s]   warn: cache miss kernel-8001
[00679s]   ok: skipped layer-6664
[00700s]   ok: cache miss header-2059
[00706s]   ok: retrying layer-9357
[00720s]   ok: retrying artifact-9631
[00747s]   warn: retrying layer-9881
[00749s]   warn: downloaded kernel-8081
[00789s]   ok: retrying object-9883
[00806s]   warn: cache miss layer-5016
[00845s]   info: retrying kernel-1898
[00845s] ERROR: OOM: kernel compilation exceeded 64GB
=== bake #0015 BURNT after 845s ===
